<?xml version="1.0"?>
<!DOCTYPE BlastOutput PUBLIC "-//NCBI//NCBI BlastOutput/EN" "http://www.ncbi.nlm.nih.gov/dtd/NCBI_BlastOutput.dtd">
<BlastOutput>
  <BlastOutput_program>blastn</BlastOutput_program>
  <BlastOutput_version>BLASTN 2.13.0+</BlastOutput_version>
  <BlastOutput_reference>Zheng Zhang, Scott Schwartz, Lukas Wagner, and Webb Miller (2000), &quot;A greedy algorithm for aligning DNA sequences&quot;, J Comput Biol 2000; 7(1-2):203-14.</BlastOutput_reference>
  <BlastOutput_db>nt</BlastOutput_db>
  <BlastOutput_query-ID>Query_22269</BlastOutput_query-ID>
  <BlastOutput_query-def>No definition line</BlastOutput_query-def>
  <BlastOutput_query-len>210</BlastOutput_query-len>
  <BlastOutput_param>
    <Parameters>
      <Parameters_expect>10</Parameters_expect>
      <Parameters_sc-match>1</Parameters_sc-match>
      <Parameters_sc-mismatch>-2</Parameters_sc-mismatch>
      <Parameters_gap-open>0</Parameters_gap-open>
      <Parameters_gap-extend>0</Parameters_gap-extend>
      <Parameters_filter>L;m;</Parameters_filter>
    </Parameters>
  </BlastOutput_param>
<BlastOutput_iterations>
<Iteration>
  <Iteration_iter-num>1</Iteration_iter-num>
  <Iteration_query-ID>Query_22269</Iteration_query-ID>
  <Iteration_query-def>No definition line</Iteration_query-def>
  <Iteration_query-len>210</Iteration_query-len>
<Iteration_hits>
<Hit>
  <Hit_num>1</Hit_num>
  <Hit_id>gi|337271990|gb|JF411744.1|</Hit_id>
  <Hit_def>Paramecium bursaria Chlorella virus 1 (PBCV-1), complete genome</Hit_def>
  <Hit_accession>JF411744</Hit_accession>
  <Hit_len>330611</Hit_len>
  <Hit_hsps>
    <Hsp>
      <Hsp_num>1</Hsp_num>
      <Hsp_bit-score>388.917</Hsp_bit-score>
      <Hsp_score>210</Hsp_score>
      <Hsp_evalue>6.35625e-110</Hsp_evalue>
      <Hsp_query-from>1</Hsp_query-from>
      <Hsp_query-to>210</Hsp_query-to>
      <Hsp_hit-from>853</Hsp_hit-from>
      <Hsp_hit-to>644</Hsp_hit-to>
      <Hsp_query-frame>1</Hsp_query-frame>
      <Hsp_hit-frame>-1</Hsp_hit-frame>
      <Hsp_identity>210</Hsp_identity>
      <Hsp_positive>210</Hsp_positive>
      <Hsp_gaps>0</Hsp_gaps>
      <Hsp_align-len>210</Hsp_align-len>
      <Hsp_qseq>TTGAATTTAGGAGAATATAAAACCAGACAAGAAGCAAAGGATGTAGAGATGAAACTGATAAATATGTATTATAATGACGAAGGGGATAAAGATAGTAATATGTTGTTGAATAATCACACTTACCAAGATCGTTTTCGCCCTACCATTTTTCCTATACACACCAAAAAAGGATTGAGAGGTTATGAAGTAAGAGGAGGACCAAACAAATTA</Hsp_qseq>
      <Hsp_hseq>TTGAATTTAGGAGAATATAAAACCAGACAAGAAGCAAAGGATGTAGAGATGAAACTGATAAATATGTATTATAATGACGAAGGGGATAAAGATAGTAATATGTTGTTGAATAATCACACTTACCAAGATCGTTTTCGCCCTACCATTTTTCCTATACACACCAAAAAAGGATTGAGAGGTTATGAAGTAAGAGGAGGACCAAACAAATTA</Hsp_hseq>
      <Hsp_midline>||||||||||||||||||||||||||||||||||||||||||||||||||||||||||||||||||||||||||||||||||||||||||||||||||||||||||||||||||||||||||||||||||||||||||||||||||||||||||||||||||||||||||||||||||||||||||||||||||||||||||||||||||</Hsp_midline>
    </Hsp>
    <Hsp>
      <Hsp_num>2</Hsp_num>
      <Hsp_bit-score>388.917</Hsp_bit-score>
      <Hsp_score>210</Hsp_score>
      <Hsp_evalue>6.35625e-110</Hsp_evalue>
      <Hsp_query-from>1</Hsp_query-from>
      <Hsp_query-to>210</Hsp_query-to>
      <Hsp_hit-from>329953</Hsp_hit-from>
      <Hsp_hit-to>330162</Hsp_hit-to>
      <Hsp_query-frame>1</Hsp_query-frame>
      <Hsp_hit-frame>1</Hsp_hit-frame>
      <Hsp_identity>210</Hsp_identity>
      <Hsp_positive>210</Hsp_positive>
      <Hsp_gaps>0</Hsp_gaps>
      <Hsp_align-len>210</Hsp_align-len>
      <Hsp_qseq>TTGAATTTAGGAGAATATAAAACCAGACAAGAAGCAAAGGATGTAGAGATGAAACTGATAAATATGTATTATAATGACGAAGGGGATAAAGATAGTAATATGTTGTTGAATAATCACACTTACCAAGATCGTTTTCGCCCTACCATTTTTCCTATACACACCAAAAAAGGATTGAGAGGTTATGAAGTAAGAGGAGGACCAAACAAATTA</Hsp_qseq>
      <Hsp_hseq>TTGAATTTAGGAGAATATAAAACCAGACAAGAAGCAAAGGATGTAGAGATGAAACTGATAAATATGTATTATAATGACGAAGGGGATAAAGATAGTAATATGTTGTTGAATAATCACACTTACCAAGATCGTTTTCGCCCTACCATTTTTCCTATACACACCAAAAAAGGATTGAGAGGTTATGAAGTAAGAGGAGGACCAAACAAATTA</Hsp_hseq>
      <Hsp_midline>||||||||||||||||||||||||||||||||||||||||||||||||||||||||||||||||||||||||||||||||||||||||||||||||||||||||||||||||||||||||||||||||||||||||||||||||||||||||||||||||||||||||||||||||||||||||||||||||||||||||||||||||||</Hsp_midline>
    </Hsp>
  </Hit_hsps>
</Hit>
<Hit>
  <Hit_num>2</Hit_num>
  <Hit_id>gi|323371|gb|M55319.1|CHVTERMRE</Hit_id>
  <Hit_def>Paramecium bursaria Chlorella virus 1 terminal inverted repeat sequence</Hit_def>
  <Hit_accession>M55319</Hit_accession>
  <Hit_len>2184</Hit_len>
  <Hit_hsps>
    <Hsp>
      <Hsp_num>1</Hsp_num>
      <Hsp_bit-score>388.917</Hsp_bit-score>
      <Hsp_score>210</Hsp_score>
      <Hsp_evalue>6.35625e-110</Hsp_evalue>
      <Hsp_query-from>1</Hsp_query-from>
      <Hsp_query-to>210</Hsp_query-to>
      <Hsp_hit-from>816</Hsp_hit-from>
      <Hsp_hit-to>607</Hsp_hit-to>
      <Hsp_query-frame>1</Hsp_query-frame>
      <Hsp_hit-frame>-1</Hsp_hit-frame>
      <Hsp_identity>210</Hsp_identity>
      <Hsp_positive>210</Hsp_positive>
      <Hsp_gaps>0</Hsp_gaps>
      <Hsp_align-len>210</Hsp_align-len>
      <Hsp_qseq>TTGAATTTAGGAGAATATAAAACCAGACAAGAAGCAAAGGATGTAGAGATGAAACTGATAAATATGTATTATAATGACGAAGGGGATAAAGATAGTAATATGTTGTTGAATAATCACACTTACCAAGATCGTTTTCGCCCTACCATTTTTCCTATACACACCAAAAAAGGATTGAGAGGTTATGAAGTAAGAGGAGGACCAAACAAATTA</Hsp_qseq>
      <Hsp_hseq>TTGAATTTAGGAGAATATAAAACCAGACAAGAAGCAAAGGATGTAGAGATGAAACTGATAAATATGTATTATAATGACGAAGGGGATAAAGATAGTAATATGTTGTTGAATAATCACACTTACCAAGATCGTTTTCGCCCTACCATTTTTCCTATACACACCAAAAAAGGATTGAGAGGTTATGAAGTAAGAGGAGGACCAAACAAATTA</Hsp_hseq>
      <Hsp_midline>||||||||||||||||||||||||||||||||||||||||||||||||||||||||||||||||||||||||||||||||||||||||||||||||||||||||||||||||||||||||||||||||||||||||||||||||||||||||||||||||||||||||||||||||||||||||||||||||||||||||||||||||||</Hsp_midline>
    </Hsp>
  </Hit_hsps>
</Hit>
</Iteration_hits>
  <Iteration_stat>
    <Statistics>
      <Statistics_db-num>48</Statistics_db-num>
      <Statistics_db-len>394038</Statistics_db-len>
      <Statistics_hsp-len>0</Statistics_hsp-len>
      <Statistics_eff-space>0</Statistics_eff-space>
      <Statistics_kappa>0.46</Statistics_kappa>
      <Statistics_lambda>1.28</Statistics_lambda>
      <Statistics_entropy>0.85</Statistics_entropy>
    </Statistics>
  </Iteration_stat>
</Iteration>
</BlastOutput_iterations>
</BlastOutput>
